// Jest Snapshot v1, https://goo.gl/fbAQLP

exports[`App renders correctly 1`] = `
<DocumentFragment>
  <div
    class="App"
  >
    <div
      class="navbar"
      data-testid="navbar-id"
    >
      <img
        alt="http://www.freepik.com Designed by Starline / Freepik/>"
        src="logo2.jpg"
      />
      <ul
        class="navbar-links"
        data-testid="navbar-links-id"
      >
        <li
          class="navbar-links-item"
          data-testid="navbar-links-item-id"
        >
          <a
            href="/"
          >
            Home
          </a>
        </li>
        <li
          class="navbar-links-item"
          data-testid="navbar-links-item-id"
        >
          <a
            href="/properties"
          >
            View Property
          </a>
        </li>
        <li
          class="navbar-links-item"
          data-testid="navbar-links-item-id"
        >
          <a
            href="/add-property"
          >
            Add Property
          </a>
        </li>
        <li
          class="navbar-links-item"
          data-testid="navbar-links-item-id"
        >
          <a
            href="/favourites"
          >
            Favourites
          </a>
        </li>
        <form
          class="fb-sign-in-form"
          data-testid="fb-sign-in-form-id"
        >
          <h1>
            Something went wrong.
          </h1>
        </form>
      </ul>
    </div>
    <div
      class="bgimg"
    >
      <div
        class="topleft"
      >
        <p>
          Watch This Space
        </p>
      </div>
      <div
        class="middle"
      >
        <h1>
          Hi, welcome to our Housing Web-App. You can add your Properties, View Available Properties. Sign in with Facebook to Save & View your Favourite Properties.
        </h1>
        <p>
          ....serving you to lead the house listings.
        </p>
      </div>
      <div
        class="bottomleft"
      >
        <p>
          Keep Keeping on.
        </p>
      </div>
    </div>
    <footer
      class="footer"
    >
      <div
        class="wrapper"
      >
        <div
          class="item"
        >
          <i
            class="fas fa-hand-point-right"
          />
        </div>
        <div
          class="footer-content"
        >
          <p>
            Aaron Hays 2020
          </p>
        </div>
        <div
          class="item"
        >
          <i
            class="fas fa-thumbs-up"
          />
        </div>
      </div>
    </footer>
  </div>
</DocumentFragment>
`;
